{"auths":{"\u003cbar\u003e":{"auth":"PGJhej46PGZvbz4=","password":"\u003cfoo\u003e","username":"\u003cbaz\u003e"}}}