{"auths":{"\u003cregistry\u003e":{"auth":"PHVzZXJuYW1lPjo8cGFzc3dvcmQ-","password":"\u003cpassword\u003e","username":"\u003cusername\u003e"}}}